// Jest Snapshot v1, https://goo.gl/fbAQLP

exports[`404 Page renders correctly 1`] = `
.emotion-1 {
  max-height: 100vh;
  max-width: 100vw;
}

.emotion-0 {
  height: 100vh;
  width: 100vw;
  display: -webkit-box;
  display: -webkit-flex;
  display: -ms-flexbox;
  display: flex;
  -webkit-box-pack: center;
  -webkit-justify-content: center;
  -ms-flex-pack: center;
  justify-content: center;
  -webkit-align-items: center;
  -webkit-box-align: center;
  -ms-flex-align: center;
  align-items: center;
  text-align: center;
  -webkit-backdrop-filter: blur(5px);
  backdrop-filter: blur(5px);
}

<head>
  Object {}
  Object {
    "lang": "en",
  }
  <meta
    content="Kepler Sticka-Jones"
    data-react-helmet={true}
    name="author"
  />
  <meta
    data-react-helmet={true}
    name="description"
  />
  <meta
    content="#409040"
    data-react-helmet={true}
    name="theme-color"
  />
  <meta
    content="404! | "
    data-react-helmet={true}
    property="og:title"
  />
  <meta
    content="website"
    data-react-helmet={true}
    property="og:type"
  />
  <meta
    data-react-helmet={true}
    property="og:url"
  />
  <meta
    content=""
    data-react-helmet={true}
    property="og:image"
  />
  <meta
    content="image/jpeg"
    data-react-helmet={true}
    property="og:image:type"
  />
  <meta
    content="480"
    data-react-helmet={true}
    property="og:image:width"
  />
  <meta
    content="480"
    data-react-helmet={true}
    property="og:image:height"
  />
  <meta
    data-react-helmet={true}
    property="og:description"
  />
  <meta
    content="summary"
    data-react-helmet={true}
    name="twitter:card"
  />
  <meta
    content="@test"
    data-react-helmet={true}
    name="twitter:site"
  />
  <meta
    content="@test"
    data-react-helmet={true}
    name="twitter:creator"
  />
  <script
    data-react-helmet={true}
    type="application/ld+json"
  >
    Object {
    "@context": "http://www.schema.org",
    "@type": "WebPage",
    "name": "404! | Kepler Sticka-Jones",
  }
  </script>
  <title
    data-react-helmet={true}
  >
    404! | 
  </title>
</head>

<main>
  <section
    className="emotion-1 gbi-00000000000-0000000000000000000000 gatsby-image-wrapper"
    style={
      Object {
        "backgroundPosition": "center",
        "backgroundRepeat": "no-repeat",
        "backgroundSize": "cover",
        "opacity": 0.99,
        "position": "relative",
      }
    }
  >
    <style
      dangerouslySetInnerHTML={
        Object {
          "__html": "
          .emotion-1.gbi-00000000000-0000000000000000000000:before,
          .emotion-1.gbi-00000000000-0000000000000000000000:after {
            content: '';
            display: block;
            position: absolute;
            width: 100%;
            height: 100%;
            top: 0;
            left: 0;
            background-color: #040e18;
            transition: opacity 0.5s ease 0.25s;
            background-position: center;
background-repeat: no-repeat;
background-size: cover;

          }
          .emotion-1.gbi-00000000000-0000000000000000000000:before {
            z-index: -100;
            
            
            opacity: 0; 
          }
          .emotion-1.gbi-00000000000-0000000000000000000000:after {
            z-index: -101;
            
            
            
          }
        ",
        }
      }
    />
    <noscript>
      <style
        dangerouslySetInnerHTML={
          Object {
            "__html": "
          .emotion-1.gbi-00000000000-0000000000000000000000:before {
            opacity: 1;
            background-image: ;
          }",
          }
        }
      />
    </noscript>
    <div
      className="emotion-0"
    >
      <div>
        <h1>
          404!
        </h1>
        <span>
          Maybe, go back to the 
          <a
            href="/"
          >
            home page
          </a>
          ?
        </span>
      </div>
    </div>
  </section>
</main>
`;
