// Jest Snapshot v1, https://goo.gl/fbAQLP

exports[`Portfolio List Item renders correctly 1`] = `
.emotion-0 {
  border: 1px solid;
  border-radius: 5px;
  width: 20em;
  margin: 0.5em;
  background-color: #fafafa;
  padding: 1em;
}

.emotion-0:not(:last-child) {
  margin-bottom: 1.5rem;
}

@media (max-width:35em) {
  .emotion-0 {
    -webkit-box-flex: 1;
    -webkit-flex-grow: 1;
    -ms-flex-positive: 1;
    flex-grow: 1;
  }
}

@media (prefers-color-scheme:dark) {
  .emotion-0 {
    background-color: #282c34;
  }
}

<div
  className="emotion-0"
>
  <a
    href="/test"
  >
    <h2>
      Test
    </h2>
  </a>
  <div>
    This is a great test.
  </div>
</div>
`;
