// Jest Snapshot v1, https://goo.gl/fbAQLP

exports[`Base Layout renders correctly 1`] = `
Array [
  <head>
    Object {}
    Object {
      "lang": "en",
    }
    <meta
      content="Kepler Sticka-Jones"
      data-react-helmet={true}
      name="author"
    />
    <meta
      content=""
      data-react-helmet={true}
      name="description"
    />
    <meta
      content="Kepler Sticka-Jones"
      data-react-helmet={true}
      property="og:title"
    />
    <meta
      content="website"
      data-react-helmet={true}
      property="og:type"
    />
    <meta
      content=""
      data-react-helmet={true}
      property="og:url"
    />
    <meta
      content=""
      data-react-helmet={true}
      property="og:image"
    />
    <meta
      content="image/jpeg"
      data-react-helmet={true}
      property="og:image:type"
    />
    <meta
      content="480"
      data-react-helmet={true}
      property="og:image:width"
    />
    <meta
      content="480"
      data-react-helmet={true}
      property="og:image:height"
    />
    <meta
      content=""
      data-react-helmet={true}
      property="og:description"
    />
    <meta
      content="summary"
      data-react-helmet={true}
      name="twitter:card"
    />
    <meta
      content="@test"
      data-react-helmet={true}
      name="twitter:site"
    />
    <meta
      content="@test"
      data-react-helmet={true}
      name="twitter:creator"
    />
    <title
      data-react-helmet={true}
    >
      Kepler Sticka-Jones
    </title>
  </head>

<a
    data-reach-skip-link={true}
    href="#reach-skip-nav"
  >
    Skip to content
  </a>,
  .emotion-7 {
  height: 3rem;
  width: 100vw;
  margin-bottom: 1em;
}

@media (prefers-color-scheme:dark) {
  .emotion-7::before {
    background-image: url() !important;
  }

  .emotion-7::after {
    background-image: url() !important;
  }
}

.emotion-6 {
  height: 3rem;
  max-width: 100vw;
  display: -webkit-box;
  display: -webkit-flex;
  display: -ms-flexbox;
  display: flex;
  -webkit-backdrop-filter: blur(5px);
  backdrop-filter: blur(5px);
  -webkit-align-items: center;
  -webkit-box-align: center;
  -ms-flex-align: center;
  align-items: center;
  padding-left: 1rem;
  padding-right: 1rem;
  -webkit-box-pack: justify;
  -webkit-justify-content: space-between;
  -ms-flex-pack: justify;
  justify-content: space-between;
}

.emotion-1 {
  text-align: start;
  max-width: 50%;
}

.emotion-0 {
  font-weight: 600;
  color: #141414;
  -webkit-text-decoration: none;
  text-decoration: none;
}

.emotion-0:hover {
  -webkit-text-decoration: underline;
  text-decoration: underline;
}

@media (prefers-color-scheme:dark) {
  .emotion-0 {
    color: white;
  }
}

.emotion-5 {
  text-align: end;
  max-width: 50%;
}

.emotion-5 > :not(:last-child) {
  margin-right: 1em;
}

<nav
    className="emotion-7 gbi-00000000000-0000000000000000000000 gatsby-image-wrapper"
    style={
      Object {
        "backgroundPosition": "center",
        "backgroundRepeat": "no-repeat",
        "backgroundSize": "cover",
        "opacity": 0.99,
        "position": "relative",
      }
    }
  >
    <style
      dangerouslySetInnerHTML={
        Object {
          "__html": "
          .emotion-7.gbi-00000000000-0000000000000000000000:before,
          .emotion-7.gbi-00000000000-0000000000000000000000:after {
            content: '';
            display: block;
            position: absolute;
            width: 100%;
            height: 100%;
            top: 0;
            left: 0;
            background-color: #040e18;
            transition: opacity 0.5s ease 0.25s;
            background-position: center;
background-repeat: no-repeat;
background-size: cover;

          }
          .emotion-7.gbi-00000000000-0000000000000000000000:before {
            z-index: -100;
            
            
            opacity: 0; 
          }
          .emotion-7.gbi-00000000000-0000000000000000000000:after {
            z-index: -101;
            
            
            
          }
        ",
        }
      }
    />
    <noscript>
      <style
        dangerouslySetInnerHTML={
          Object {
            "__html": "
    .emotion-7.gbi-00000000000-0000000000000000000000:before {
      opacity: 1;
      background-image: ;
    }",
          }
        }
      />
    </noscript>
    <div
      className="emotion-6"
    >
      <div
        className="emotion-1"
      >
        <a
          className="emotion-0"
          href="/"
        >
          Kepler Sticka-Jones
        </a>
      </div>
      <div
        className="emotion-5"
      >
        <a
          className="emotion-0"
          href="/blog"
        >
          Blog
        </a>
        <a
          className="emotion-0"
          href="/projects"
        >
          Projects
        </a>
        <a
          className="emotion-0"
          href="/about"
        >
          About
        </a>
      </div>
    </div>
  </nav>,
  <div
    id="reach-skip-nav"
  />,
  <span>
    Test
  </span>,
]
`;
